// Jest Snapshot v1, https://goo.gl/fbAQLP

exports[`<TodoInput /> matches snapshot 1`] = `
<div>
  <form
    class="todo-input"
  >
    <input
      class="input"
      placeholder="할 일을 입력하세요."
      value=""
    />
    <button
      class="button"
      type="submit"
    >
      등록
    </button>
  </form>
</div>
`;
